// Jest Snapshot v1, https://goo.gl/fbAQLP

exports[`calculateTreeCraftFlags sets the cheapest craft flags 1`] = `
Object {
  "buyPrice": false,
  "buyPriceEach": false,
  "components": Array [
    Object {
      "buyPrice": 1,
      "buyPriceEach": 1,
      "components": Array [],
      "craft": false,
      "craftDecisionPrice": 1,
      "craftPrice": 123,
      "craftResultPrice": 1,
      "daily_purchase_cap": 0,
      "decisionPrice": 1,
      "disciplines": Array [],
      "id": 2,
      "min_rating": null,
      "multipleRecipeCount": 1,
      "output": 1,
      "prerequisites": Array [],
      "quantity": 1,
      "totalQuantity": 1,
      "type": "Recipe",
      "usedQuantity": 1,
      "weekly_purchase_cap": 0,
    },
    Object {
      "buyPrice": false,
      "buyPriceEach": false,
      "components": Array [],
      "craft": true,
      "craftDecisionPrice": 123,
      "craftPrice": 123,
      "craftResultPrice": 123,
      "daily_purchase_cap": 0,
      "decisionPrice": 123,
      "disciplines": Array [],
      "id": 3,
      "min_rating": null,
      "multipleRecipeCount": 1,
      "output": 1,
      "prerequisites": Array [],
      "quantity": 2,
      "totalQuantity": 2,
      "type": "Recipe",
      "usedQuantity": 2,
      "weekly_purchase_cap": 0,
    },
    Object {
      "buyPrice": 555,
      "buyPriceEach": 277,
      "components": Array [],
      "craft": true,
      "craftDecisionPrice": 123,
      "craftPrice": 123,
      "craftResultPrice": 123,
      "daily_purchase_cap": 0,
      "decisionPrice": 123,
      "disciplines": Array [],
      "id": 4,
      "min_rating": null,
      "multipleRecipeCount": 1,
      "output": 1,
      "prerequisites": Array [],
      "quantity": 2,
      "totalQuantity": 2,
      "type": "Recipe",
      "usedQuantity": 2,
      "weekly_purchase_cap": 0,
    },
    Object {
      "buyPrice": 555,
      "buyPriceEach": 277,
      "components": Array [],
      "craft": false,
      "craftDecisionPrice": 1,
      "craftPrice": 1,
      "craftResultPrice": 1,
      "daily_purchase_cap": 0,
      "decisionPrice": 1,
      "disciplines": Array [],
      "id": 5,
      "min_rating": null,
      "multipleRecipeCount": 1,
      "output": 1,
      "prerequisites": Array [],
      "quantity": 2,
      "totalQuantity": 2,
      "type": "Recipe",
      "usedQuantity": 2,
      "weekly_purchase_cap": 0,
    },
  ],
  "craft": true,
  "craftDecisionPrice": 248,
  "craftPrice": 123,
  "craftResultPrice": 123,
  "daily_purchase_cap": 0,
  "decisionPrice": 123,
  "disciplines": Array [],
  "id": 1,
  "min_rating": null,
  "multipleRecipeCount": 1,
  "output": 1,
  "prerequisites": Array [],
  "quantity": 1,
  "totalQuantity": 1,
  "type": "Recipe",
  "usedQuantity": 1,
  "weekly_purchase_cap": 0,
}
`;
