// Jest Snapshot v1, https://goo.gl/fbAQLP

exports[`cheapestTree can calculate the cheapest tree correctly 1`] = `
Object {
  "buyPrice": 20,
  "buyPriceEach": 10,
  "components": Array [
    Object {
      "buyPrice": 84,
      "buyPriceEach": 42,
      "components": undefined,
      "craft": false,
      "craftDecisionPrice": 84,
      "craftResultPrice": 84,
      "decisionPrice": 84,
      "id": 2,
      "output": 1,
      "quantity": 1,
      "totalQuantity": 2,
      "type": "Item",
      "usedQuantity": 2,
    },
    Object {
      "buyPrice": 100,
      "buyPriceEach": 10,
      "components": Array [
        Object {
          "buyPrice": 200,
          "buyPriceEach": 10,
          "components": undefined,
          "craft": false,
          "craftDecisionPrice": 200,
          "craftResultPrice": 200,
          "decisionPrice": 200,
          "id": 4,
          "output": 1,
          "quantity": 2,
          "totalQuantity": 20,
          "type": "Item",
          "usedQuantity": 20,
        },
        Object {
          "buyPrice": false,
          "buyPriceEach": false,
          "components": undefined,
          "craft": false,
          "craftDecisionPrice": 6000000,
          "craftResultPrice": false,
          "decisionPrice": 6000000,
          "id": 4,
          "output": 1,
          "quantity": 200,
          "totalQuantity": 2000,
          "type": "Currency",
          "usedQuantity": 2000,
        },
        Object {
          "buyPrice": 1000,
          "buyPriceEach": 1,
          "components": undefined,
          "craft": false,
          "craftDecisionPrice": 1000,
          "craftResultPrice": 1000,
          "decisionPrice": 1000,
          "id": 1,
          "output": 1,
          "quantity": 100,
          "totalQuantity": 1000,
          "type": "Currency",
          "usedQuantity": 1000,
        },
      ],
      "craft": false,
      "craftDecisionPrice": 6001200,
      "craftPrice": 1200,
      "craftResultPrice": 100,
      "daily_purchase_cap": 0,
      "decisionPrice": 100,
      "disciplines": Array [
        "Amoursmith",
      ],
      "id": 3,
      "min_rating": 200,
      "multipleRecipeCount": 1,
      "output": 1,
      "prerequisites": Array [
        Object {
          "id": 123,
          "type": "Recipe",
        },
      ],
      "quantity": 5,
      "totalQuantity": 10,
      "type": "Recipe",
      "usedQuantity": 10,
      "weekly_purchase_cap": 0,
    },
    Object {
      "buyPrice": 10000,
      "buyPriceEach": 1000,
      "components": Array [
        Object {
          "buyPrice": 200,
          "buyPriceEach": 10,
          "components": undefined,
          "craft": false,
          "craftDecisionPrice": 200,
          "craftResultPrice": 200,
          "decisionPrice": 200,
          "id": 6,
          "output": 1,
          "quantity": 2,
          "totalQuantity": 20,
          "type": "Item",
          "usedQuantity": 20,
        },
      ],
      "craft": true,
      "craftDecisionPrice": 200,
      "craftPrice": 200,
      "craftResultPrice": 200,
      "daily_purchase_cap": 0,
      "decisionPrice": 200,
      "disciplines": Array [
        "Amoursmith",
      ],
      "id": 5,
      "min_rating": 200,
      "multipleRecipeCount": 1,
      "output": 1,
      "prerequisites": Array [
        Object {
          "id": 123,
          "type": "Recipe",
        },
      ],
      "quantity": 5,
      "totalQuantity": 10,
      "type": "Recipe",
      "usedQuantity": 10,
      "weekly_purchase_cap": 0,
    },
  ],
  "craft": true,
  "craftDecisionPrice": 384,
  "craftPrice": 384,
  "craftResultPrice": 384,
  "daily_purchase_cap": 0,
  "decisionPrice": 384,
  "disciplines": Array [
    "Amoursmith",
  ],
  "id": 1,
  "min_rating": 300,
  "multipleRecipeCount": 1,
  "output": 1,
  "prerequisites": Array [
    Object {
      "id": 124,
      "type": "Recipe",
    },
  ],
  "quantity": 1,
  "totalQuantity": 2,
  "type": "Recipe",
  "usedQuantity": 2,
  "weekly_purchase_cap": 0,
}
`;

exports[`cheapestTree can calculate the cheapest tree correctly with available items 1`] = `
Object {
  "buyPrice": 20,
  "buyPriceEach": 10,
  "components": Array [
    Object {
      "buyPrice": 6,
      "buyPriceEach": 1,
      "components": Array [
        Object {
          "buyPrice": 60,
          "buyPriceEach": 10,
          "components": undefined,
          "craft": false,
          "craftDecisionPrice": 60,
          "craftResultPrice": 60,
          "decisionPrice": 60,
          "id": 4,
          "output": 1,
          "quantity": 1,
          "totalQuantity": 6,
          "type": "Item",
          "usedQuantity": 6,
        },
      ],
      "craft": false,
      "craftDecisionPrice": 60,
      "craftPrice": 60,
      "craftResultPrice": 6,
      "daily_purchase_cap": 0,
      "decisionPrice": 6,
      "disciplines": Array [
        "Amoursmith",
      ],
      "id": 7,
      "min_rating": 200,
      "multipleRecipeCount": 1,
      "output": 1,
      "prerequisites": Array [
        Object {
          "id": 123,
          "type": "Recipe",
        },
      ],
      "quantity": 3,
      "totalQuantity": 6,
      "type": "Recipe",
      "usedQuantity": 6,
      "weekly_purchase_cap": 0,
    },
    Object {
      "buyPrice": 300,
      "buyPriceEach": 100,
      "components": Array [
        Object {
          "buyPrice": 30,
          "buyPriceEach": 10,
          "components": undefined,
          "craft": false,
          "craftDecisionPrice": 30,
          "craftResultPrice": 30,
          "decisionPrice": 30,
          "id": 4,
          "output": 1,
          "quantity": 2,
          "totalQuantity": 6,
          "type": "Item",
          "usedQuantity": 3,
        },
      ],
      "craft": true,
      "craftDecisionPrice": 30,
      "craftPrice": 30,
      "craftResultPrice": 30,
      "daily_purchase_cap": 0,
      "decisionPrice": 30,
      "disciplines": Array [
        "Amoursmith",
      ],
      "id": 3,
      "min_rating": 200,
      "multipleRecipeCount": 1,
      "output": 1,
      "prerequisites": Array [
        Object {
          "id": 123,
          "type": "Recipe",
        },
      ],
      "quantity": 5,
      "totalQuantity": 10,
      "type": "Recipe",
      "usedQuantity": 3,
      "weekly_purchase_cap": 0,
    },
    Object {
      "buyPrice": 0,
      "buyPriceEach": 25,
      "components": Array [
        Object {
          "buyPrice": 0,
          "buyPriceEach": 1,
          "components": undefined,
          "craft": false,
          "craftDecisionPrice": 0,
          "craftResultPrice": 0,
          "decisionPrice": 0,
          "id": 6,
          "output": 1,
          "quantity": 100,
          "totalQuantity": 0,
          "type": "Item",
          "usedQuantity": 0,
        },
      ],
      "craft": false,
      "craftDecisionPrice": 0,
      "craftPrice": 0,
      "craftResultPrice": 0,
      "daily_purchase_cap": 0,
      "decisionPrice": 0,
      "disciplines": Array [
        "Amoursmith",
      ],
      "id": 5,
      "min_rating": 200,
      "multipleRecipeCount": 1,
      "output": 1,
      "prerequisites": Array [
        Object {
          "id": 123,
          "type": "Recipe",
        },
      ],
      "quantity": 2,
      "totalQuantity": 4,
      "type": "Recipe",
      "usedQuantity": 0,
      "weekly_purchase_cap": 0,
    },
  ],
  "craft": true,
  "craftDecisionPrice": 36,
  "craftPrice": 36,
  "craftResultPrice": 36,
  "daily_purchase_cap": 0,
  "decisionPrice": 36,
  "disciplines": Array [
    "Amoursmith",
  ],
  "id": 1,
  "min_rating": 300,
  "multipleRecipeCount": 1,
  "output": 1,
  "prerequisites": Array [
    Object {
      "id": 124,
      "type": "Recipe",
    },
  ],
  "quantity": 1,
  "totalQuantity": 2,
  "type": "Recipe",
  "usedQuantity": 2,
  "weekly_purchase_cap": 0,
}
`;

exports[`cheapestTree can calculate the cheapest tree correctly with force buy items 1`] = `
Object {
  "buyPrice": 20,
  "buyPriceEach": 10,
  "components": Array [
    Object {
      "buyPrice": 1000,
      "buyPriceEach": 100,
      "components": Array [
        Object {
          "buyPrice": 200,
          "buyPriceEach": 10,
          "components": undefined,
          "craft": false,
          "craftDecisionPrice": 200,
          "craftResultPrice": 200,
          "decisionPrice": 200,
          "id": 4,
          "output": 1,
          "quantity": 2,
          "totalQuantity": 20,
          "type": "Item",
          "usedQuantity": 20,
        },
      ],
      "craft": false,
      "craftDecisionPrice": 200,
      "craftPrice": 200,
      "craftResultPrice": 1000,
      "daily_purchase_cap": 0,
      "decisionPrice": 1000,
      "disciplines": Array [
        "Amoursmith",
      ],
      "id": 3,
      "min_rating": 200,
      "multipleRecipeCount": 1,
      "output": 1,
      "prerequisites": Array [
        Object {
          "id": 123,
          "type": "Recipe",
        },
      ],
      "quantity": 5,
      "totalQuantity": 10,
      "type": "Recipe",
      "usedQuantity": 10,
      "weekly_purchase_cap": 0,
    },
  ],
  "craft": true,
  "craftDecisionPrice": 1000,
  "craftPrice": 1000,
  "craftResultPrice": 1000,
  "daily_purchase_cap": 0,
  "decisionPrice": 1000,
  "disciplines": Array [
    "Amoursmith",
  ],
  "id": 1,
  "min_rating": 300,
  "multipleRecipeCount": 1,
  "output": 1,
  "prerequisites": Array [
    Object {
      "id": 124,
      "type": "Recipe",
    },
  ],
  "quantity": 1,
  "totalQuantity": 2,
  "type": "Recipe",
  "usedQuantity": 2,
  "weekly_purchase_cap": 0,
}
`;

exports[`cheapestTree can calculate the cheapest tree correctly with homestead efficiency tiers 1`] = `
Object {
  "buyPrice": 50,
  "buyPriceEach": 10,
  "components": Array [
    Object {
      "buyPrice": 12500,
      "buyPriceEach": 100,
      "components": Array [
        Object {
          "buyPrice": 1250,
          "buyPriceEach": 10,
          "components": undefined,
          "craft": false,
          "craftDecisionPrice": 1250,
          "craftResultPrice": 1250,
          "decisionPrice": 1250,
          "id": 4,
          "output": 1,
          "quantity": 1,
          "totalQuantity": 125,
          "type": "Item",
          "usedQuantity": 125,
        },
      ],
      "craft": true,
      "craftDecisionPrice": 1250,
      "craftPrice": 1250,
      "craftResultPrice": 1250,
      "daily_purchase_cap": 0,
      "decisionPrice": 1250,
      "disciplines": Array [
        "Amoursmith",
      ],
      "id": 102205,
      "merchant": Object {
        "locations": Array [],
        "name": "\\"Homestead Refinement—Metal Forge\\"",
      },
      "min_rating": 200,
      "multipleRecipeCount": 1,
      "output": 1,
      "prerequisites": Array [
        Object {
          "id": 123,
          "type": "Recipe",
        },
      ],
      "quantity": 25,
      "totalQuantity": 125,
      "type": "Recipe",
      "usedQuantity": 125,
      "weekly_purchase_cap": 0,
    },
  ],
  "craft": true,
  "craftDecisionPrice": 1250,
  "craftPrice": 1250,
  "craftResultPrice": 1250,
  "daily_purchase_cap": 0,
  "decisionPrice": 1250,
  "disciplines": Array [
    "Amoursmith",
  ],
  "id": 1,
  "min_rating": 300,
  "multipleRecipeCount": 1,
  "output": 1,
  "prerequisites": Array [
    Object {
      "id": 124,
      "type": "Recipe",
    },
  ],
  "quantity": 5,
  "totalQuantity": 5,
  "type": "Recipe",
  "usedQuantity": 5,
  "weekly_purchase_cap": 0,
}
`;

exports[`cheapestTree can calculate the cheapest tree correctly with value own items 1`] = `
Object {
  "buyPrice": 10,
  "buyPriceEach": 10,
  "components": Array [
    Object {
      "buyPrice": 100,
      "buyPriceEach": 100,
      "components": Array [
        Object {
          "buyPrice": 1000,
          "buyPriceEach": 500,
          "components": undefined,
          "craft": false,
          "craftDecisionPrice": 1000,
          "craftResultPrice": 1000,
          "decisionPrice": 1000,
          "id": 4,
          "output": 1,
          "quantity": 2,
          "totalQuantity": 2,
          "type": "Item",
          "usedQuantity": 2,
        },
      ],
      "craft": false,
      "craftDecisionPrice": 1000,
      "craftPrice": 1000,
      "craftResultPrice": 100,
      "daily_purchase_cap": 0,
      "decisionPrice": 100,
      "disciplines": Array [
        "Amoursmith",
      ],
      "id": 3,
      "min_rating": 200,
      "multipleRecipeCount": 1,
      "output": 1,
      "prerequisites": Array [
        Object {
          "id": 123,
          "type": "Recipe",
        },
      ],
      "quantity": 5,
      "totalQuantity": 5,
      "type": "Recipe",
      "usedQuantity": 1,
      "weekly_purchase_cap": 0,
    },
  ],
  "craft": true,
  "craftDecisionPrice": 100,
  "craftPrice": 100,
  "craftResultPrice": 100,
  "daily_purchase_cap": 0,
  "decisionPrice": 100,
  "disciplines": Array [
    "Amoursmith",
  ],
  "id": 1,
  "min_rating": 300,
  "multipleRecipeCount": 1,
  "output": 1,
  "prerequisites": Array [
    Object {
      "id": 124,
      "type": "Recipe",
    },
  ],
  "quantity": 1,
  "totalQuantity": 1,
  "type": "Recipe",
  "usedQuantity": 1,
  "weekly_purchase_cap": 0,
}
`;
